// Vitest Snapshot v1, https://vitest.dev/guide/snapshot.html

exports[`ELangSwitcher > should try methods 1`] = `
"<div data-v-2bec278d=\\"\\" class=\\"v-input v-input--horizontal v-input--center-affix v-input--density-default v-locale--is-ltr v-input--dirty v-text-field v-select v-select--single v-select--selected v-select--selection-slot mt-5\\">
  <!---->
  <div class=\\"v-input__control\\">
    <div class=\\"v-field v-field--active v-field--appended v-field--center-affix v-field--dirty v-field--flat v-field--no-label v-field--variant-filled v-theme--light v-locale--is-ltr\\" role=\\"button\\" aria-haspopup=\\"menu\\" aria-expanded=\\"false\\" aria-owns=\\"v-menu-2\\">
      <div class=\\"v-field__overlay\\"></div>
      <div class=\\"v-field__loader\\">
        <div class=\\"v-progress-linear v-theme--light v-locale--is-ltr\\" style=\\"top: 0px; height: 0px; --v-progress-linear-height: 2px; left: 50%; transform: translateX(-50%);\\" role=\\"progressbar\\" aria-hidden=\\"true\\" aria-valuemin=\\"0\\" aria-valuemax=\\"100\\">
          <!---->
          <div class=\\"v-progress-linear__background\\" style=\\"width: 100%;\\"></div>
          <transition-stub name=\\"fade-transition\\" appear=\\"false\\" persisted=\\"false\\" css=\\"true\\">
            <div class=\\"v-progress-linear__indeterminate\\">
              <div class=\\"v-progress-linear__indeterminate long\\"></div>
              <div class=\\"v-progress-linear__indeterminate short\\"></div>
            </div>
          </transition-stub>
          <!---->
        </div>
      </div>
      <!---->
      <div class=\\"v-field__field\\" data-no-activator=\\"\\">
        <!----><label class=\\"v-label v-field-label\\" for=\\"input-0\\">
          <!---->
          <!---->
        </label>
        <!---->
        <div class=\\"v-field__input\\" data-no-activator=\\"\\">
          <!---->
          <!---->
          <div class=\\"v-select__selection\\">
            <div data-v-2bec278d=\\"\\" class=\\"v-list-item v-theme--light v-list-item--density-default v-list-item--variant-text pa-0\\" style=\\"max-height: 10px;\\" dense=\\"\\">
              <!----><span class=\\"v-list-item__underlay\\"></span>
              <div class=\\"v-list-item__prepend\\">
                <nuxt-img data-v-2bec278d=\\"\\" src=\\"https://flagcdn.com/w40/us.png\\" width=\\"40px\\" height=\\"25px\\"></nuxt-img>
                <div class=\\"v-list-item__spacer\\"></div>
              </div>
              <div class=\\"v-list-item__content\\" data-no-activator=\\"\\">
                <!---->
                <!---->
                <div data-v-2bec278d=\\"\\" class=\\"v-list-item-title text-body-2 font-weight-bold\\">English</div>
              </div>
              <!---->
            </div>
          </div><input size=\\"1\\" type=\\"text\\" id=\\"input-0\\" aria-describedby=\\"input-0-messages\\" inputmode=\\"none\\" aria-label=\\"Open\\" title=\\"Open\\" dense=\\"\\" cols=\\"12\\" background-color=\\"transparent\\" item-text=\\"value.name\\" full-width=\\"\\">
        </div>
        <!---->
      </div>
      <!---->
      <div class=\\"v-field__append-inner\\">
        <!----><i class=\\"mdi-menu-down mdi v-icon notranslate v-theme--light v-icon--size-default v-select__menu-icon\\" aria-hidden=\\"true\\"></i>
        <!---->
      </div>
      <div class=\\"v-field__outline\\">
        <!---->
        <!---->
      </div>
    </div>
  </div>
  <!---->
  <div class=\\"v-input__details\\">
    <transition-group-stub name=\\"slide-y-transition\\" tag=\\"div\\" appear=\\"false\\" persisted=\\"false\\" css=\\"true\\" class=\\"v-messages\\" role=\\"alert\\" aria-live=\\"polite\\" id=\\"input-0-messages\\">
      <!---->
    </transition-group-stub>
    <!---->
  </div>
</div>"
`;
